__________
1.Загрузите образ node версии 15.14
$ docker pull node:15.14
15.14: Pulling from library/node
bfde2ec33fbc: Pull complete 
787f5e2f1047: Pull complete 
7b6173a10eb8: Pull complete 
dc05be471d51: Pull complete 
55fab5cadd3c: Pull complete 
bd821d20ef8c: Pull complete 
6041b69671c6: Pull complete 
989c5d2d2313: Pull complete 
4b57d41e8391: Pull complete 
Digest: sha256:608bba799613b1ebf754034ae008849ba51e88b23271412427b76d60ae0d0627
Status: Downloaded newer image for node:15.14
docker.io/library/node:15.14

__________
2.Запустите контейнер node в интерактивном режиме подключения терминала, поименуйте его mynode, передайте две переменные среды NAME=<ваше имя> и SURNAME=<ваша фамилия>
$ docker run -i -t -e NAME=Daria -e SURNAME=Zhidkova --name mynode node:15.14 /bin/sh
# node
Welcome to Node.js v15.14.0.
Type ".help" for more information.

__________
3.В интерактивной среде выполнения node выполните скрипт, который выведет на экран приветсвтие: Привет, <ваше имя> <ваша фамилия>!, эти данные должны быть получены из переменных среды
> console.log(`Привет, ${process.env.NAME} ${process.env.SURNAME}!`)
Привет, Daria Zhidkova!
undefined

__________
4.Остановите контейнер
$ docker stop mynode
mynode

__________
5.Удалите образ node версии 15.14
$ docker images
REPOSITORY   TAG       IMAGE ID       CREATED        SIZE
node         15.14     3d3f41722daf   2 months ago   936MB
[node1] (local) root@192.168.0.13 ~
$ docker rmi 3d3f
Error response from daemon: conflict: unable to delete 3d3f41722daf (must be forced) - image is being used by stopped container 9f2edbb69bd9
[node1] (local) root@192.168.0.13 ~
$ docker rmi --force 3d3f
Untagged: node:15.14
Untagged: node@sha256:608bba799613b1ebf754034ae008849ba51e88b23271412427b76d60ae0d0627
Deleted: sha256:3d3f41722daf1a77c34d6eade6676bbffa2d6a2a21095de2ab0c427a5c942fc9
